  Determinando los proyectos que se van a restaurar...
  Todos los proyectos est├ín actualizados para la restauraci├│n.
  Sicoin.Common.Domain -> C:\Users\Gabo\Desktop\backend\Sicoin.Common.Domain\bin\Debug\net9.0\Sicoin.Common.Domain.dll
  Sicoin.Contabilidad.Domain -> C:\Users\Gabo\Desktop\backend\Sicoin.Contabilidad.Domain\bin\Debug\net9.0\Sicoin.Contabilidad.Domain.dll
  Sicoin.Clasificadores.Domain -> C:\Users\Gabo\Desktop\backend\Sicoin.Clasificadores.Domain\bin\Debug\net9.0\Sicoin.Clasificadores.Domain.dll
  Sicoin.Clasificadores.Application -> C:\Users\Gabo\Desktop\backend\Sicoin.Clasificadores.Application\bin\Debug\net9.0\Sicoin.Clasificadores.Application.dll
  Sicoin.Clasificadores.Infrastructure -> C:\Users\Gabo\Desktop\backend\Sicoin.Clasificadores.Infrastructure\bin\Debug\net9.0\Sicoin.Clasificadores.Infrastructure.dll
C:\Users\Gabo\Desktop\backend\Sicoin.Contabilidad.Application\Services\PlanCuentaService.cs(108,23): error CS0246: El nombre del tipo o del espacio de nombres 'PlanCuentaDetailDto' no se encontr├│ (┬┐falta una directiva using o una referencia de ensamblado?) [C:\Users\Gabo\Desktop\backend\Sicoin.Contabilidad.Application\Sicoin.Contabilidad.Application.csproj]
  Sicoin.Clasificadores.Api -> C:\Users\Gabo\Desktop\backend\Sicoin.Clasificadores.Api\bin\Debug\net9.0\Sicoin.Clasificadores.Api.dll
  SicoinBackend -> C:\Users\Gabo\Desktop\backend\SicoinBackend\bin\Debug\net9.0\SicoinBackend.dll

ERROR al compilar.

C:\Users\Gabo\Desktop\backend\Sicoin.Contabilidad.Application\Services\PlanCuentaService.cs(108,23): error CS0246: El nombre del tipo o del espacio de nombres 'PlanCuentaDetailDto' no se encontr├│ (┬┐falta una directiva using o una referencia de ensamblado?) [C:\Users\Gabo\Desktop\backend\Sicoin.Contabilidad.Application\Sicoin.Contabilidad.Application.csproj]
    0 Advertencia(s)
    1 Errores

Tiempo transcurrido 00:00:03.08
